[08-13 12:39:34] drip-feed started (every 600s, max 25 queued)
[08-13 12:39:37] submitted R26-122-1_HE_70.svs  -> 54547684
[08-13 12:39:37]   1 slides on Fir, 1 submitted so far
[08-13 12:49:41] submitted R22-354_16_ACLY656 CHOW1.svs  -> 54549935
[08-13 12:49:43] submitted R22-354_19_ACLY656 CHOW4.svs  -> 54549936
[08-13 12:49:43]   3 slides on Fir, 3 submitted so far
[08-13 12:59:48] submitted R25-079_10_HE.svs  -> 54552013
[08-13 12:59:50] submitted R22-354_1_WT-CHOW1.svs  -> 54552014
[08-13 12:59:53] submitted R22-354_23_ACLY656 NASH4.svs  -> 54552024
[08-13 12:59:53]   6 slides on Fir, 6 submitted so far
[08-13 13:20:01] submitted R22-354_25_ACLY656 NASH 6.svs  -> 54556124
[08-13 13:20:01]   7 slides on Fir, 7 submitted so far
[08-13 13:30:05] submitted R22-354_3_WT-CHOW3.svs  -> 54558241
[08-13 13:30:05]   8 slides on Fir, 8 submitted so far
[08-13 13:40:10] submitted R25-079_11_HE.svs  -> 54559348
[08-13 13:40:12] submitted R22-354_7_WT-NASH1.svs  -> 54559349
[08-13 13:40:12]   10 slides on Fir, 10 submitted so far
[08-13 13:50:15] submitted R22-354_8_WT-NASH2.svs  -> 54560456
[08-13 13:50:15]   11 slides on Fir, 11 submitted so far
[08-13 14:00:19] submitted R25-079_12_HE.svs  -> 54562154
[08-13 14:00:19]   12 slides on Fir, 12 submitted so far
[08-13 14:10:23] submitted R25-079_13_HE.svs  -> 54562979
[08-13 14:10:23]   13 slides on Fir, 13 submitted so far
[08-13 14:30:31] submitted R25-079_14_HE.svs  -> 54564400
[08-13 14:30:31]   14 slides on Fir, 14 submitted so far
[08-13 15:00:41] submitted R25-079_15_HE.svs  -> 54566762
[08-13 15:00:41]   15 slides on Fir, 15 submitted so far
[08-13 15:20:49] submitted R25-079_16_HE.svs  -> 54568418
[08-13 15:20:49]   16 slides on Fir, 16 submitted so far
[08-13 15:30:53] submitted R25-079_17_HE.svs  -> 54569221
[08-13 15:30:54]   17 slides on Fir, 17 submitted so far
[08-13 15:40:58] submitted R25-079_18_HE.svs  -> 54569960
[08-13 15:40:58]   18 slides on Fir, 18 submitted so far
[08-13 15:51:02] submitted R25-079_19_HE.svs  -> 54570627
[08-13 15:51:02]   19 slides on Fir, 19 submitted so far
[08-13 16:01:06] submitted R25-079_1_HE.svs  -> 54571610
[08-13 16:01:06]   20 slides on Fir, 20 submitted so far
[08-13 16:21:13] submitted R25-079_20_HE.svs  -> 54573984
[08-13 16:21:13]   21 slides on Fir, 21 submitted so far
[08-13 16:41:19] submitted R25-079_21_HE.svs  -> 54575397
[08-13 16:41:19]   22 slides on Fir, 22 submitted so far
[08-13 17:01:24] submitted R25-079_22_HE.svs  -> 54577558
[08-13 17:01:24]   23 slides on Fir, 23 submitted so far
[08-13 17:21:30] submitted R25-079_23_HE.svs  -> 54579540
[08-13 17:21:30]   24 slides on Fir, 24 submitted so far
[08-13 17:41:40] submitted R25-079_24_HE.svs  -> 54581816
[08-13 17:41:40]   25 slides on Fir, 25 submitted so far
[08-13 18:01:46] submitted R25-079_25_HE.svs  -> 54583997
[08-13 18:01:46]   26 slides on Fir, 26 submitted so far
[08-13 18:11:50] submitted R25-079_26_HE.svs  -> 54584815
[08-13 18:11:50]   27 slides on Fir, 27 submitted so far
[08-13 18:22:02] submitted R25-079_27_HE.svs  -> 54585927
[08-13 18:22:02]   28 slides on Fir, 28 submitted so far
[08-13 18:42:09] submitted R25-079_28_HE.svs  -> 54587853
[08-13 18:42:09]   29 slides on Fir, 29 submitted so far
[08-13 18:52:13] submitted R25-079_29_HE.svs  -> 54588877
[08-13 18:52:13]   30 slides on Fir, 30 submitted so far
[08-13 19:12:19] submitted R25-079_2_HE.svs  -> 54590857
[08-13 19:12:19]   31 slides on Fir, 31 submitted so far
[08-13 19:32:24] submitted R25-079_3_HE.svs  -> 54592701
[08-13 19:32:24]   32 slides on Fir, 32 submitted so far
[08-13 19:42:28] submitted R25-079_4_HE.svs  -> 54593710
[08-13 19:42:28]   33 slides on Fir, 33 submitted so far
[08-13 19:52:32] submitted R25-079_5_HE.svs  -> 54594686
[08-13 19:52:32]   34 slides on Fir, 34 submitted so far
[08-13 20:02:36] submitted R25-079_6_HE.svs  -> 54595564
[08-13 20:02:36]   35 slides on Fir, 35 submitted so far
[08-13 20:12:39] submitted R25-079_7_HE.svs  -> 54597635
[08-13 20:12:39]   36 slides on Fir, 36 submitted so far
[08-13 20:22:43] submitted R25-079_8_HE.svs  -> 54599534
[08-13 20:22:44] submitted R25-079_9_HE.svs  -> 54599535
[08-13 20:22:46] submitted R25-151-36_HE.svs  -> 54599536
[08-13 20:22:46]   39 slides on Fir, 39 submitted so far
[08-13 20:32:49] submitted R25-151-37_HE.svs  -> 54600678
[08-13 20:32:51] submitted R25-151-39_HE.svs  -> 54600680
[08-13 20:32:52] submitted R25-151-40_HE.svs  -> 54600682
[08-13 20:32:54] submitted R25-151-41_HE.svs  -> 54600683
[08-13 20:32:55] submitted R25-151-42_HE.svs  -> 54600687
[08-13 20:32:55]   44 slides on Fir, 44 submitted so far
[08-13 20:42:58] submitted R25-151-43_HE.svs  -> 54601288
[08-13 20:43:00] submitted R25-151-44_HE.svs  -> 54601329
[08-13 20:43:02] submitted R25-151_10_HE.svs  -> 54601396
[08-13 20:43:03] submitted R25-151_11_HE.svs  -> 54601448
[08-13 20:43:05] submitted R25-151_12_HE.svs  -> 54601450
[08-13 20:43:06] submitted R25-151_13_HE.svs  -> 54601451
[08-13 20:43:08] submitted R25-151_14_HE.svs  -> 54601460
[08-13 20:43:08]   51 slides on Fir, 51 submitted so far
[08-13 20:53:11] submitted R25-151_15_HE.svs  -> 54602150
[08-13 20:53:13] submitted R25-151_16_HE.svs  -> 54602151
[08-13 20:53:14] submitted R25-151_17_HE.svs  -> 54602152
[08-13 20:53:14]   54 slides on Fir, 54 submitted so far
[08-13 21:03:17] submitted R25-151_18_HE.svs  -> 54603086
[08-13 21:03:19] submitted R25-151_19_HE.svs  -> 54603087
[08-13 21:03:20] submitted R25-151_1_HE.svs  -> 54603089
[08-13 21:03:22] submitted R25-151_20_HE.svs  -> 54603090
[08-13 21:03:23] submitted R25-151_21_HE.svs  -> 54603091
[08-13 21:03:25] submitted R25-151_22_HE.svs  -> 54603092
[08-13 21:03:25]   60 slides on Fir, 60 submitted so far
[08-13 21:13:28] submitted R25-151_23_HE.svs  -> 54603805
[08-13 21:13:29] submitted R25-151_24_HE.svs  -> 54603806
[08-13 21:13:31] submitted R25-151_25_HE.svs  -> 54603807
[08-13 21:13:32] submitted R25-151_26_HE.svs  -> 54603808
[08-13 21:13:34] submitted R25-151_27_HE.svs  -> 54603809
[08-13 21:13:35] submitted R25-151_28_HE.svs  -> 54603810
[08-13 21:13:35] queue at 25, holding off
[08-13 21:13:35]   67 slides on Fir, 66 submitted so far
[08-13 21:23:38] submitted R25-151_29_HE.svs  -> 54604374
[08-13 21:23:40] submitted R25-151_2_HE.svs  -> 54604375
[08-13 21:23:41] submitted R25-151_30_HE.svs  -> 54604376
[08-13 21:23:41] queue at 25, holding off
[08-13 21:23:41]   74 slides on Fir, 69 submitted so far
[08-13 21:33:44] submitted R25-151_31_HE.svs  -> 54604911
[08-13 21:33:46] submitted R25-151_32_HE.svs  -> 54604912
[08-13 21:33:46] queue at 25, holding off
[08-13 21:33:46]   78 slides on Fir, 71 submitted so far
[08-13 21:43:49] submitted R25-151_33_HE.svs  -> 54605663
[08-13 21:43:49] queue at 25, holding off
[08-13 21:43:49]   81 slides on Fir, 72 submitted so far
[08-13 21:53:52] submitted R25-151_34_HE.svs  -> 54606231
[08-13 21:53:53] submitted R25-151_35_HE.svs  -> 54606232
[08-13 21:53:55] submitted R25-151_3_HE.svs  -> 54606233
[08-13 21:53:55] queue at 25, holding off
[08-13 21:53:55]   81 slides on Fir, 75 submitted so far
[08-13 22:03:58] submitted R25-151_4_HE.svs  -> 54606808
[08-13 22:03:59] submitted R25-151_5_HE.svs  -> 54606809
[08-13 22:04:01] submitted R25-151_6_HE.svs  -> 54606816
[08-13 22:04:02] submitted R25-151_7_HE.svs  -> 54606817
[08-13 22:04:04] submitted R25-151_8_HE.svs  -> 54606818
[08-13 22:04:04] queue at 25, holding off
[08-13 22:04:04]   81 slides on Fir, 80 submitted so far
[08-13 22:14:07] submitted R25-151_9_HE.svs  -> 54607350
[08-13 22:14:07]   81 slides on Fir, 81 submitted so far
[08-13 22:54:16] submitted R25-223-10_HE.svs  -> 54611794
[08-13 22:54:17] submitted R25-223-11_HE.svs  -> 54611795
[08-13 22:54:17]   83 slides on Fir, 83 submitted so far
[08-13 23:04:20] submitted R25-223-12_HE.svs  -> 54612592
[08-13 23:04:20]   84 slides on Fir, 84 submitted so far
[08-13 23:14:24] submitted R25-223-13_HE.svs  -> 54613101
[08-13 23:14:26] submitted R25-223-14_HE.svs  -> 54613106
[08-13 23:14:27] submitted R25-223-15_HE.svs  -> 54613123
[08-13 23:14:29] submitted R25-223-16_HE.svs  -> 54613124
[08-13 23:14:30] submitted R25-223-17_HE.svs  -> 54613125
[08-13 23:14:30]   89 slides on Fir, 89 submitted so far
[08-13 23:24:34] submitted R25-223-18_HE.svs  -> 54613637
[08-13 23:24:37] submitted R25-223-19_HE.svs  -> 54613644
[08-13 23:24:38] submitted R25-223-1_HE.svs  -> 54613647
[08-13 23:24:40] submitted R25-223-20_HE.svs  -> 54613659
[08-13 23:24:40]   93 slides on Fir, 93 submitted so far
[08-13 23:34:43] submitted R25-223-21_HE.svs  -> 54614348
[08-13 23:34:45] submitted R25-223-22_HE.svs  -> 54614349
[08-13 23:34:46] submitted R25-223-23_HE.svs  -> 54614350
[08-13 23:34:47] submitted R25-223-2_HE.svs  -> 54614351
[08-13 23:34:49] submitted R25-223-3_HE.svs  -> 54614352
[08-13 23:34:49]   98 slides on Fir, 98 submitted so far
[08-13 23:44:52] submitted R25-223-4_HE.svs  -> 54615373
[08-13 23:44:54] submitted R25-223-5_HE.svs  -> 54615374
[08-13 23:44:55] submitted R25-223-6_HE.svs  -> 54615375
[08-13 23:44:55]   101 slides on Fir, 101 submitted so far
[08-13 23:55:01] submitted R25-223-7_HE.svs  -> 54616068
[08-13 23:55:04] submitted R25-223-8_HE.svs  -> 54616106
[08-13 23:55:04]   103 slides on Fir, 103 submitted so far
[08-14 00:05:07] submitted R25-223-9_HE.svs  -> 54618226
[08-14 00:05:07]   104 slides on Fir, 104 submitted so far
[08-14 00:15:10] submitted R25-264-1.svs  -> 54619097
[08-14 00:15:12] submitted R25-264-10.svs  -> 54619099
[08-14 00:15:12] queue at 25, holding off
[08-14 00:15:12]   107 slides on Fir, 106 submitted so far
[08-14 00:25:15] submitted R25-264-11.svs  -> 54619971
[08-14 00:25:16] submitted R25-264-12.svs  -> 54619972
[08-14 00:25:18] submitted R25-264-13.svs  -> 54619973
[08-14 00:25:18] queue at 25, holding off
[08-14 00:25:18]   110 slides on Fir, 109 submitted so far
[08-14 00:35:21] submitted R25-264-14.svs  -> 54620964
[08-14 00:35:21] queue at 25, holding off
[08-14 00:35:21]   113 slides on Fir, 110 submitted so far
[08-14 00:45:28] submitted R25-264-15.svs  -> 54622099
[08-14 00:45:29] submitted R25-264-16.svs  -> 54622110
[08-14 00:45:31] submitted R25-264-17.svs  -> 54622112
[08-14 00:45:33] submitted R25-264-18.svs  -> 54622116
[08-14 00:45:36] submitted R25-264-19.svs  -> 54622119
[08-14 00:45:36]   115 slides on Fir, 115 submitted so far
[08-14 00:55:39] submitted R25-264-2.svs  -> 54623062
[08-14 00:55:40] submitted R25-264-20.svs  -> 54623064
[08-14 00:55:40]   117 slides on Fir, 117 submitted so far
[08-14 01:05:48] submitted R25-264-21.svs  -> 54623937
[08-14 01:05:48]   118 slides on Fir, 118 submitted so far
[08-14 01:15:51] submitted R25-264-22.svs  -> 54624630
[08-14 01:15:53] submitted R25-264-23.svs  -> 54624658
[08-14 01:15:53]   120 slides on Fir, 120 submitted so far
[08-14 01:25:56] submitted R25-264-24.svs  -> 54626252
[08-14 01:25:58] submitted R25-264-25.svs  -> 54626253
[08-14 01:26:00] submitted R25-264-26.svs  -> 54626254
[08-14 01:26:00]   123 slides on Fir, 123 submitted so far
[08-14 01:36:09] submitted R25-264-27.svs  -> 54627113
[08-14 01:36:12] submitted R25-264-28.svs  -> 54627117
[08-14 01:36:12]   125 slides on Fir, 125 submitted so far
[08-14 01:46:15] submitted R25-264-29.svs  -> 54627715
[08-14 01:46:19] submitted R25-264-3.svs  -> 54627716
[08-14 01:46:19]   127 slides on Fir, 127 submitted so far
[08-14 01:56:22] submitted R25-264-30.svs  -> 54628321
[08-14 01:56:24] submitted R25-264-31.svs  -> 54628322
[08-14 01:56:24]   129 slides on Fir, 129 submitted so far
[08-14 02:06:31] submitted R25-264-32.svs  -> 54629042
[08-14 02:06:34] submitted R25-264-33.svs  -> 54629053
[08-14 02:06:34]   131 slides on Fir, 131 submitted so far
[08-14 02:16:38] submitted R25-264-34.svs  -> 54629537
[08-14 02:16:40] submitted R25-264-35.svs  -> 54629546
[08-14 02:16:42] submitted R25-264-36.svs  -> 54629560
[08-14 02:16:42]   134 slides on Fir, 134 submitted so far
[08-14 02:26:47] submitted R25-264-37.svs  -> 54630327
[08-14 02:26:49] submitted R25-264-38.svs  -> 54630330
[08-14 02:26:51] submitted R25-264-39.svs  -> 54630333
[08-14 02:26:52] submitted R25-264-4.svs  -> 54630334
[08-14 02:26:52]   138 slides on Fir, 138 submitted so far
[08-14 02:37:03] submitted R25-264-40.svs  -> 54631035
[08-14 02:37:05] submitted R25-264-5.svs  -> 54631036
[08-14 02:37:06] submitted R25-264-6.svs  -> 54631047
[08-14 02:37:06]   141 slides on Fir, 141 submitted so far
[08-14 02:47:16] submitted R25-264-7.svs  -> 54632740
[08-14 02:47:19] submitted R25-264-8.svs  -> 54632760
[08-14 02:47:20] submitted R25-264-9.svs  -> 54632803
[08-14 02:47:20]   144 slides on Fir, 144 submitted so far
[08-14 02:57:24] submitted R22--063-10_HE.svs  -> 54633355
[08-14 02:57:26] submitted R22--063-11_HE.svs  -> 54633359
[08-14 02:57:28] submitted R22--063-12_HE.svs  -> 54633361
[08-14 02:57:30] submitted R22--063-13_HE.svs  -> 54633365
[08-14 02:57:32] submitted R22--063-15_HE.svs  -> 54633367
[08-14 02:57:34] submitted R22--063-16_HE.svs  -> 54633368
[08-14 02:57:36] submitted R22--063-17_HE.svs  -> 54633369
[08-14 02:57:36]   151 slides on Fir, 151 submitted so far
[08-14 03:07:40] submitted R22--063-18_HE.svs  -> 54633847
[08-14 03:07:42] submitted R22--063-19_HE.svs  -> 54633849
[08-14 03:07:44] submitted R22--063-1_HE.svs  -> 54633850
[08-14 03:07:44]   154 slides on Fir, 154 submitted so far
[08-14 03:17:55] submitted R22--063-20_HE.svs  -> 54634592
[08-14 03:17:55]   155 slides on Fir, 155 submitted so far
[08-14 03:27:58] submitted R22--063-21_HE.svs  -> 54635100
[08-14 03:28:00] submitted R22--063-22_HE.svs  -> 54635101
[08-14 03:28:01] submitted R22--063-23_HE.svs  -> 54635102
[08-14 03:28:03] submitted R22--063-24_HE.svs  -> 54635103
[08-14 03:28:03]   159 slides on Fir, 159 submitted so far
[08-14 03:38:10] submitted R22--063-25_HE.svs  -> 54635597
[08-14 03:38:16] submitted R22--063-2_HE.svs  -> 54635598
[08-14 03:38:18] submitted R22--063-3_HE.svs  -> 54635610
[08-14 03:38:20] submitted R22--063-4_HE.svs  -> 54635611
[08-14 03:38:20]   163 slides on Fir, 163 submitted so far
[08-14 03:48:23] submitted R22--063-5_HE.svs  -> 54636163
[08-14 03:48:25] submitted R22--063-6_HE.svs  -> 54636164
[08-14 03:48:27] submitted R22--063-7_HE.svs  -> 54636165
[08-14 03:48:27] queue at 25, holding off
[08-14 03:48:27]   169 slides on Fir, 166 submitted so far
[08-14 03:58:31] submitted R22--063-8_HE.svs  -> 54636615
[08-14 03:58:38] submitted R22--063-9_HE.svs  -> 54636684
[08-14 03:58:40] submitted R22-063-14_HE.svs  -> 54636685
[08-14 03:58:40] queue at 25, holding off
[08-14 03:58:40]   174 slides on Fir, 169 submitted so far
[08-14 04:08:46] submitted R25-345-1.svs  -> 54637134
[08-14 04:08:48] submitted R25-345-10.svs  -> 54637135
[08-14 04:08:49] queue at 25, holding off
[08-14 04:08:49]   178 slides on Fir, 171 submitted so far
[08-14 04:18:52] submitted R25-345-11.svs  -> 54637514
[08-14 04:18:53] submitted R25-345-12.svs  -> 54637515
[08-14 04:18:55] submitted R25-345-13.svs  -> 54637516
[08-14 04:18:55] queue at 25, holding off
[08-14 04:18:55]   179 slides on Fir, 174 submitted so far
[08-14 04:28:58] submitted R25-345-14.svs  -> 54638065
[08-14 04:29:01] submitted R25-345-15.svs  -> 54638066
[08-14 04:29:02] submitted R25-345-16.svs  -> 54638067
[08-14 04:29:06] submitted R25-345-17.svs  -> 54638068
[08-14 04:29:08] submitted R25-345-18.svs  -> 54638073
[08-14 04:29:08] queue at 25, holding off
[08-14 04:29:08]   183 slides on Fir, 179 submitted so far
[08-14 04:39:12] submitted R25-345-19.svs  -> 54638439
[08-14 04:39:14] submitted R25-345-2.svs  -> 54638440
[08-14 04:39:15] submitted R25-345-20.svs  -> 54638441
[08-14 04:39:15] queue at 25, holding off
[08-14 04:39:15]   188 slides on Fir, 182 submitted so far
[08-14 04:49:17] queue at 25, holding off
[08-14 04:59:21] submitted R25-345-21.svs  -> 54639602
[08-14 04:59:23] submitted R25-345-22.svs  -> 54639604
[08-14 04:59:26] submitted R25-345-23.svs  -> 54639613
[08-14 04:59:26] queue at 25, holding off
[08-14 04:59:26]   203 slides on Fir, 185 submitted so far
[08-14 05:09:29] submitted R25-345-24.svs  -> 54640143
[08-14 05:09:39] submitted R25-345-3.svs  -> 54640207
[08-14 05:09:42] submitted R25-345-4.svs  -> 54640266
[08-14 05:09:44] submitted R25-345-5.svs  -> 54640267
[08-14 05:09:44] queue at 25, holding off
[08-14 05:09:44]   216 slides on Fir, 189 submitted so far
[08-14 05:19:48] submitted R25-345-6.svs  -> 54640906
[08-14 05:19:51] submitted R25-345-7.svs  -> 54640907
[08-14 05:19:53] submitted R25-345-8.svs  -> 54640909
[08-14 05:19:53] queue at 25, holding off
[08-14 05:19:53]   220 slides on Fir, 192 submitted so far
[08-14 05:29:57] submitted R25-345-9.svs  -> 54641496
[08-14 05:30:01] submitted R26-122-10_HE_79.svs  -> 54641534
[08-14 05:30:05] submitted R26-122-11_HE_80.svs  -> 54641558
[08-14 05:30:05] queue at 25, holding off
[08-14 05:30:05]   229 slides on Fir, 195 submitted so far
[08-14 05:40:10] submitted R26-122-12_HE_81.svs  -> 54642269
[08-14 05:40:12] submitted R26-122-13_HE_83.svs  -> 54642271
[08-14 05:40:12] queue at 25, holding off
[08-14 05:40:12]   235 slides on Fir, 197 submitted so far
[08-14 05:50:15] submitted R26-122-14_HE.svs  -> 54642971
[08-14 05:50:16] submitted R26-122-15_HE_85.svs  -> 54642973
[08-14 05:50:18] submitted R26-122-16_HE_86.svs  -> 54642974
[08-14 05:50:20] submitted R26-122-17_HE_101.svs  -> 54642976
[08-14 05:50:20] queue at 25, holding off
[08-14 05:50:20]   242 slides on Fir, 201 submitted so far
[08-14 06:00:27] submitted R26-122-18_HE_102.svs  -> 54644138
[08-14 06:00:28] submitted R26-122-19_HE_103.svs  -> 54644139
[08-14 06:00:30] submitted R26-122-1_HE_70.svs  -> 54644141
[08-14 06:00:32] submitted R26-122-20_HE_104.svs  -> 54644143
[08-14 06:00:33] submitted R26-122-21_HE_105.svs  -> 54644144
[08-14 06:00:33] queue at 25, holding off
[08-14 06:00:33]   247 slides on Fir, 206 submitted so far
[08-14 06:10:37] submitted R26-122-22_HE_106.svs  -> 54644874
[08-14 06:10:38] submitted R26-122-23_HE_91.svs  -> 54644875
[08-14 06:10:41] submitted R26-122-24_HE_87.svs  -> 54644876
[08-14 06:10:41] queue at 25, holding off
[08-14 06:10:41]   254 slides on Fir, 209 submitted so far
[08-14 06:20:43] queue at 25, holding off
[08-14 06:30:46] submitted R26-122-25_HE_100.svs  -> 54647861
[08-14 06:30:48] submitted R26-122-26_HE_107.svs  -> 54647862
[08-14 06:30:49] submitted R26-122-27_HE_110.svs  -> 54647863
[08-14 06:30:49] queue at 25, holding off
[08-14 06:30:49]   261 slides on Fir, 212 submitted so far
[08-14 06:40:55] submitted R26-122-28_HE_111.svs  -> 54648421
[08-14 06:41:03] submitted R26-122-29_HE_82.svs  -> 54648426
[08-14 06:41:05] submitted R26-122-2_HE_71.svs  -> 54648430
[08-14 06:41:12] submitted R26-122-30_HE_89.svs  -> 54648431
[08-14 06:41:12] queue at 25, holding off
[08-14 06:41:12]   261 slides on Fir, 216 submitted so far
[08-14 06:51:15] submitted R26-122-31_HE_98.svs  -> 54648975
[08-14 06:51:17] submitted R26-122-32_HE_99.svs  -> 54648978
[08-14 06:51:18] submitted R26-122-33_HE_92.svs  -> 54648979
[08-14 06:51:18] queue at 25, holding off
[08-14 06:51:18]   261 slides on Fir, 219 submitted so far
[08-14 07:01:23] submitted R26-122-34_HE_93.svs  -> 54649469
[08-14 07:01:24] submitted R26-122-35_HE_94.svs  -> 54649470
[08-14 07:01:27] submitted R26-122-36_HE_95.svs  -> 54649471
[08-14 07:01:27] queue at 25, holding off
[08-14 07:01:27]   261 slides on Fir, 222 submitted so far
[08-14 07:11:28] queue at 25, holding off
[08-14 07:21:32] submitted R26-122-37_HE_96.svs  -> 54650412
[08-14 07:21:33] submitted R26-122-38_HE_97.svs  -> 54650413
[08-14 07:21:34] submitted R26-122-3_HE_72.svs  -> 54650414
[08-14 07:21:36] submitted R26-122-4_HE_73.svs  -> 54650415
[08-14 07:21:36] queue at 25, holding off
[08-14 07:21:36]   261 slides on Fir, 226 submitted so far
[08-14 07:31:40] submitted R26-122-5_HE_117.svs  -> 54650737
[08-14 07:31:42] submitted R26-122-6_HE_75.svs  -> 54650738
[08-14 07:31:45] submitted R26-122-7_HE_76.svs  -> 54650739
[08-14 07:31:50] submitted R26-122-8_HE_77.svs  -> 54650742
[08-14 07:31:52] submitted R26-122-9_HE_78.svs  -> 54650743
[08-14 07:31:52] queue at 25, holding off
[08-14 07:31:52]   261 slides on Fir, 231 submitted so far
[08-14 07:41:55] submitted R26-041-1.svs  -> 54651207
[08-14 07:41:57] submitted R26-041-10.svs  -> 54651208
[08-14 07:41:59] submitted R26-041-11.svs  -> 54651209
[08-14 07:41:59] queue at 25, holding off
[08-14 07:41:59]   261 slides on Fir, 234 submitted so far
[08-14 07:52:00] queue at 25, holding off
[08-14 08:02:04] submitted R26-041-12.svs  -> 54652243
[08-14 08:02:05] submitted R26-041-13.svs  -> 54652244
[08-14 08:02:06] submitted R26-041-14.svs  -> 54652245
[08-14 08:02:06] queue at 25, holding off
[08-14 08:02:06]   261 slides on Fir, 237 submitted so far
[08-14 08:12:10] submitted R26-041-15.svs  -> 54652785
[08-14 08:12:11] submitted R26-041-16.svs  -> 54652786
[08-14 08:12:13] submitted R26-041-17.svs  -> 54652787
[08-14 08:12:15] submitted R26-041-18.svs  -> 54652788
[08-14 08:12:15] queue at 25, holding off
[08-14 08:12:15]   261 slides on Fir, 241 submitted so far
[08-14 08:22:22] submitted R26-041-19.svs  -> 54653335
[08-14 08:22:27] submitted R26-041-2.svs  -> 54653341
[08-14 08:22:30] submitted R26-041-20.svs  -> 54653373
[08-14 08:22:31] submitted R26-041-21.svs  -> 54653374
[08-14 08:22:33] submitted R26-041-22.svs  -> 54653375
[08-14 08:22:35] submitted R26-041-23.svs  -> 54653376
[08-14 08:22:35] queue at 25, holding off
[08-14 08:22:35]   261 slides on Fir, 247 submitted so far
[08-14 08:32:38] submitted R26-041-24.svs  -> 54653783
[08-14 08:32:40] submitted R26-041-25.svs  -> 54653784
[08-14 08:32:42] submitted R26-041-26.svs  -> 54653785
[08-14 08:32:44] submitted R26-041-27.svs  -> 54653786
[08-14 08:32:44] queue at 25, holding off
[08-14 08:32:44]   261 slides on Fir, 251 submitted so far
[08-14 08:42:47] submitted R26-041-28.svs  -> 54654547
[08-14 08:42:47] queue at 25, holding off
[08-14 08:42:47]   261 slides on Fir, 252 submitted so far
[08-14 08:52:57] submitted R26-041-29.svs  -> 54656330
[08-14 08:53:00] submitted R26-041-3.svs  -> 54656333
[08-14 08:53:02] submitted R26-041-30.svs  -> 54656373
[08-14 08:53:04] submitted R26-041-4.svs  -> 54656374
[08-14 08:53:04] queue at 25, holding off
[08-14 08:53:04]   261 slides on Fir, 256 submitted so far
[08-14 09:03:08] submitted R26-041-5.svs  -> 54657785
[08-14 09:03:10] submitted R26-041-6.svs  -> 54657818
[08-14 09:03:14] submitted R26-041-7.svs  -> 54657836
[08-14 09:03:15] submitted R26-041-8.svs  -> 54657866
[08-14 09:03:19] submitted R26-041-9.svs  -> 54657900
[08-14 09:03:19]   261 slides on Fir, 261 submitted so far
[08-14 17:04:57] no SSH master socket -- pausing (run 'ssh fir' to restore)
[08-14 17:14:57] no SSH master socket -- pausing (run 'ssh fir' to restore)
[08-14 17:24:57] no SSH master socket -- pausing (run 'ssh fir' to restore)
[08-14 17:34:57] no SSH master socket -- pausing (run 'ssh fir' to restore)
[08-14 17:44:57] no SSH master socket -- pausing (run 'ssh fir' to restore)
[08-14 17:54:57] no SSH master socket -- pausing (run 'ssh fir' to restore)
[08-14 18:04:57] no SSH master socket -- pausing (run 'ssh fir' to restore)
[08-14 22:16:15] no SSH master socket -- pausing (run 'ssh fir' to restore)
[08-14 22:26:15] no SSH master socket -- pausing (run 'ssh fir' to restore)
[08-14 22:36:15] no SSH master socket -- pausing (run 'ssh fir' to restore)
[08-14 22:46:15] no SSH master socket -- pausing (run 'ssh fir' to restore)
[08-14 22:56:15] no SSH master socket -- pausing (run 'ssh fir' to restore)
[08-14 23:06:15] no SSH master socket -- pausing (run 'ssh fir' to restore)
[08-14 23:16:15] no SSH master socket -- pausing (run 'ssh fir' to restore)
[08-14 23:26:16] no SSH master socket -- pausing (run 'ssh fir' to restore)
[08-14 23:36:16] no SSH master socket -- pausing (run 'ssh fir' to restore)
[08-14 23:46:16] no SSH master socket -- pausing (run 'ssh fir' to restore)
[08-14 23:56:16] no SSH master socket -- pausing (run 'ssh fir' to restore)
[08-15 00:06:16] no SSH master socket -- pausing (run 'ssh fir' to restore)
[08-15 00:16:16] no SSH master socket -- pausing (run 'ssh fir' to restore)
[08-15 00:26:16] no SSH master socket -- pausing (run 'ssh fir' to restore)
[08-15 00:36:16] no SSH master socket -- pausing (run 'ssh fir' to restore)
[08-15 00:46:16] no SSH master socket -- pausing (run 'ssh fir' to restore)
[08-15 00:56:16] no SSH master socket -- pausing (run 'ssh fir' to restore)
[08-15 01:06:16] no SSH master socket -- pausing (run 'ssh fir' to restore)
[08-15 01:16:16] no SSH master socket -- pausing (run 'ssh fir' to restore)
[08-15 01:26:16] no SSH master socket -- pausing (run 'ssh fir' to restore)
[08-15 01:36:16] no SSH master socket -- pausing (run 'ssh fir' to restore)
[08-15 01:46:16] no SSH master socket -- pausing (run 'ssh fir' to restore)
[08-15 01:56:16] no SSH master socket -- pausing (run 'ssh fir' to restore)
[08-15 02:06:16] no SSH master socket -- pausing (run 'ssh fir' to restore)
[08-15 02:16:16] no SSH master socket -- pausing (run 'ssh fir' to restore)
[08-15 02:26:16] no SSH master socket -- pausing (run 'ssh fir' to restore)
[08-15 02:36:16] no SSH master socket -- pausing (run 'ssh fir' to restore)
[08-15 02:46:16] no SSH master socket -- pausing (run 'ssh fir' to restore)
[08-15 02:56:16] no SSH master socket -- pausing (run 'ssh fir' to restore)
[08-15 03:06:16] no SSH master socket -- pausing (run 'ssh fir' to restore)
[08-15 03:16:16] no SSH master socket -- pausing (run 'ssh fir' to restore)
[08-15 03:26:16] no SSH master socket -- pausing (run 'ssh fir' to restore)
[08-15 03:36:16] no SSH master socket -- pausing (run 'ssh fir' to restore)
[08-15 03:46:16] no SSH master socket -- pausing (run 'ssh fir' to restore)
[08-15 03:56:16] no SSH master socket -- pausing (run 'ssh fir' to restore)
[08-15 04:06:16] no SSH master socket -- pausing (run 'ssh fir' to restore)
[08-15 04:16:16] no SSH master socket -- pausing (run 'ssh fir' to restore)
[08-15 04:26:16] no SSH master socket -- pausing (run 'ssh fir' to restore)
[08-15 04:36:16] no SSH master socket -- pausing (run 'ssh fir' to restore)
[08-15 04:46:16] no SSH master socket -- pausing (run 'ssh fir' to restore)
[08-15 04:56:16] no SSH master socket -- pausing (run 'ssh fir' to restore)
[08-15 05:06:17] no SSH master socket -- pausing (run 'ssh fir' to restore)
[08-15 05:16:17] no SSH master socket -- pausing (run 'ssh fir' to restore)
[08-15 05:26:17] no SSH master socket -- pausing (run 'ssh fir' to restore)
[08-15 05:36:17] no SSH master socket -- pausing (run 'ssh fir' to restore)
[08-15 05:46:17] no SSH master socket -- pausing (run 'ssh fir' to restore)
[08-15 05:56:17] no SSH master socket -- pausing (run 'ssh fir' to restore)
[08-15 06:06:17] no SSH master socket -- pausing (run 'ssh fir' to restore)
[08-15 06:16:17] no SSH master socket -- pausing (run 'ssh fir' to restore)
[08-15 06:26:17] no SSH master socket -- pausing (run 'ssh fir' to restore)
[08-15 06:36:17] no SSH master socket -- pausing (run 'ssh fir' to restore)
[08-15 06:46:17] no SSH master socket -- pausing (run 'ssh fir' to restore)
[08-15 06:56:17] no SSH master socket -- pausing (run 'ssh fir' to restore)
[08-15 07:06:17] no SSH master socket -- pausing (run 'ssh fir' to restore)
[08-15 07:16:17] no SSH master socket -- pausing (run 'ssh fir' to restore)
[08-15 07:26:17] no SSH master socket -- pausing (run 'ssh fir' to restore)
[08-15 07:36:17] no SSH master socket -- pausing (run 'ssh fir' to restore)
[08-15 07:46:17] no SSH master socket -- pausing (run 'ssh fir' to restore)
[08-15 07:56:17] no SSH master socket -- pausing (run 'ssh fir' to restore)
[08-15 08:06:17] no SSH master socket -- pausing (run 'ssh fir' to restore)
[08-15 08:16:17] no SSH master socket -- pausing (run 'ssh fir' to restore)
[08-15 08:26:17] no SSH master socket -- pausing (run 'ssh fir' to restore)
[08-15 08:36:17] no SSH master socket -- pausing (run 'ssh fir' to restore)
[08-15 08:46:17] no SSH master socket -- pausing (run 'ssh fir' to restore)
[08-15 08:56:17] no SSH master socket -- pausing (run 'ssh fir' to restore)
[08-15 09:06:17] no SSH master socket -- pausing (run 'ssh fir' to restore)
[08-15 09:16:17] no SSH master socket -- pausing (run 'ssh fir' to restore)
[08-15 09:26:17] no SSH master socket -- pausing (run 'ssh fir' to restore)
[08-15 09:36:17] no SSH master socket -- pausing (run 'ssh fir' to restore)
[08-15 09:46:17] no SSH master socket -- pausing (run 'ssh fir' to restore)
[08-15 09:56:17] no SSH master socket -- pausing (run 'ssh fir' to restore)
[08-15 10:06:17] no SSH master socket -- pausing (run 'ssh fir' to restore)
[08-15 10:16:18] no SSH master socket -- pausing (run 'ssh fir' to restore)
[08-15 10:26:18] no SSH master socket -- pausing (run 'ssh fir' to restore)
[08-15 10:36:18] no SSH master socket -- pausing (run 'ssh fir' to restore)
[08-15 10:46:18] no SSH master socket -- pausing (run 'ssh fir' to restore)
[08-15 10:56:18] no SSH master socket -- pausing (run 'ssh fir' to restore)
[08-15 11:06:18] no SSH master socket -- pausing (run 'ssh fir' to restore)
[08-15 11:16:18] no SSH master socket -- pausing (run 'ssh fir' to restore)
[08-15 11:26:18] no SSH master socket -- pausing (run 'ssh fir' to restore)
[08-15 11:36:18] no SSH master socket -- pausing (run 'ssh fir' to restore)
[08-15 11:46:18] no SSH master socket -- pausing (run 'ssh fir' to restore)
[08-15 11:56:18] no SSH master socket -- pausing (run 'ssh fir' to restore)
[08-15 12:06:18] no SSH master socket -- pausing (run 'ssh fir' to restore)
[08-15 12:16:18] no SSH master socket -- pausing (run 'ssh fir' to restore)
[08-15 12:26:18] no SSH master socket -- pausing (run 'ssh fir' to restore)
[08-15 12:36:18] no SSH master socket -- pausing (run 'ssh fir' to restore)
[08-15 12:46:18] no SSH master socket -- pausing (run 'ssh fir' to restore)
[08-15 12:56:18] no SSH master socket -- pausing (run 'ssh fir' to restore)
[08-15 13:06:18] no SSH master socket -- pausing (run 'ssh fir' to restore)
[08-15 13:16:18] no SSH master socket -- pausing (run 'ssh fir' to restore)
[08-15 13:26:18] no SSH master socket -- pausing (run 'ssh fir' to restore)
[08-15 13:36:18] no SSH master socket -- pausing (run 'ssh fir' to restore)
[08-15 13:46:18] no SSH master socket -- pausing (run 'ssh fir' to restore)
[08-15 13:56:18] no SSH master socket -- pausing (run 'ssh fir' to restore)
[08-15 14:06:18] no SSH master socket -- pausing (run 'ssh fir' to restore)
[08-15 14:16:18] no SSH master socket -- pausing (run 'ssh fir' to restore)
[08-15 14:26:18] no SSH master socket -- pausing (run 'ssh fir' to restore)
[08-15 14:36:18] no SSH master socket -- pausing (run 'ssh fir' to restore)
[08-15 14:46:18] no SSH master socket -- pausing (run 'ssh fir' to restore)
[08-15 14:56:18] no SSH master socket -- pausing (run 'ssh fir' to restore)
[08-15 15:06:18] no SSH master socket -- pausing (run 'ssh fir' to restore)
[08-15 15:16:18] no SSH master socket -- pausing (run 'ssh fir' to restore)
[08-15 15:26:18] no SSH master socket -- pausing (run 'ssh fir' to restore)
[08-15 15:36:18] no SSH master socket -- pausing (run 'ssh fir' to restore)
[08-15 15:46:18] no SSH master socket -- pausing (run 'ssh fir' to restore)
[08-15 15:56:18] no SSH master socket -- pausing (run 'ssh fir' to restore)
[08-15 16:06:19] no SSH master socket -- pausing (run 'ssh fir' to restore)
[08-15 16:16:19] no SSH master socket -- pausing (run 'ssh fir' to restore)
[08-15 16:26:19] no SSH master socket -- pausing (run 'ssh fir' to restore)
[08-15 16:36:19] no SSH master socket -- pausing (run 'ssh fir' to restore)
[08-15 16:46:19] no SSH master socket -- pausing (run 'ssh fir' to restore)
[08-15 16:56:19] no SSH master socket -- pausing (run 'ssh fir' to restore)
[08-15 17:06:19] no SSH master socket -- pausing (run 'ssh fir' to restore)
[08-15 17:16:19] no SSH master socket -- pausing (run 'ssh fir' to restore)
[08-15 17:26:19] no SSH master socket -- pausing (run 'ssh fir' to restore)
[08-15 17:36:19] no SSH master socket -- pausing (run 'ssh fir' to restore)
[08-15 17:46:19] no SSH master socket -- pausing (run 'ssh fir' to restore)
[08-15 17:56:19] no SSH master socket -- pausing (run 'ssh fir' to restore)
[08-15 18:06:19] no SSH master socket -- pausing (run 'ssh fir' to restore)
[08-15 18:16:19] no SSH master socket -- pausing (run 'ssh fir' to restore)
[08-15 18:26:19] no SSH master socket -- pausing (run 'ssh fir' to restore)
[08-15 18:36:19] no SSH master socket -- pausing (run 'ssh fir' to restore)
[08-15 18:46:19] no SSH master socket -- pausing (run 'ssh fir' to restore)
[08-15 18:56:19] no SSH master socket -- pausing (run 'ssh fir' to restore)
[08-15 19:06:19] no SSH master socket -- pausing (run 'ssh fir' to restore)
[08-15 19:16:19] no SSH master socket -- pausing (run 'ssh fir' to restore)
[08-15 19:26:19] no SSH master socket -- pausing (run 'ssh fir' to restore)
[08-15 19:36:19] no SSH master socket -- pausing (run 'ssh fir' to restore)
[08-15 19:46:19] no SSH master socket -- pausing (run 'ssh fir' to restore)
[08-15 19:56:19] no SSH master socket -- pausing (run 'ssh fir' to restore)
[08-15 20:06:19] no SSH master socket -- pausing (run 'ssh fir' to restore)
